nohup: ignoring input
=== Linux 监控采集器已启动 ===
[系统] 数据库初始化完成: monitor.db
开始循环采集 (按 Ctrl+C 停止)...

[06:27:01] CPU: 0.0% | 内存: 39.7% | 磁盘: 31.4%
[06:27:07] CPU: 0.0% | 内存: 39.7% | 磁盘: 31.4%
[06:27:13] CPU: 0.0% | 内存: 39.7% | 磁盘: 31.4%
[06:27:19] CPU: 0.5% | 内存: 39.8% | 磁盘: 31.4%
[06:27:25] CPU: 0.5% | 内存: 39.8% | 磁盘: 31.4%
[06:27:31] CPU: 17.2% | 内存: 40.0% | 磁盘: 31.4%
[06:27:37] CPU: 13.9% | 内存: 40.3% | 磁盘: 31.4%
[06:27:44] CPU: 16.5% | 内存: 40.3% | 磁盘: 31.4%
[06:27:50] CPU: 0.0% | 内存: 40.2% | 磁盘: 31.4%
[06:27:56] CPU: 3.5% | 内存: 40.6% | 磁盘: 31.4%
[06:28:02] CPU: 1.0% | 内存: 40.2% | 磁盘: 31.4%
[06:28:08] CPU: 0.0% | 内存: 40.2% | 磁盘: 31.4%
[06:28:14] CPU: 0.0% | 内存: 40.2% | 磁盘: 31.4%
[06:28:20] CPU: 0.5% | 内存: 40.2% | 磁盘: 31.4%
[06:28:26] CPU: 1.0% | 内存: 40.6% | 磁盘: 31.4%
[06:28:32] CPU: 0.5% | 内存: 40.2% | 磁盘: 31.4%
[06:28:38] CPU: 0.0% | 内存: 40.2% | 磁盘: 31.4%
[06:28:44] CPU: 0.0% | 内存: 40.2% | 磁盘: 31.4%
[06:28:50] CPU: 0.0% | 内存: 40.2% | 磁盘: 31.4%
[06:28:56] CPU: 0.0% | 内存: 40.2% | 磁盘: 31.4%
[06:29:02] CPU: 0.0% | 内存: 40.2% | 磁盘: 31.4%
[06:29:08] CPU: 0.0% | 内存: 40.2% | 磁盘: 31.4%
[06:29:14] CPU: 0.0% | 内存: 40.2% | 磁盘: 31.4%
[06:29:20] CPU: 0.0% | 内存: 40.2% | 磁盘: 31.4%
[06:29:26] CPU: 0.0% | 内存: 40.2% | 磁盘: 31.4%
[06:29:32] CPU: 1.5% | 内存: 40.2% | 磁盘: 31.4%
[06:29:38] CPU: 0.0% | 内存: 40.2% | 磁盘: 31.4%
[06:29:44] CPU: 0.0% | 内存: 40.2% | 磁盘: 31.4%
[06:29:50] CPU: 0.0% | 内存: 40.2% | 磁盘: 31.4%
[06:29:56] CPU: 0.0% | 内存: 40.2% | 磁盘: 31.4%
[06:30:02] CPU: 1.0% | 内存: 40.2% | 磁盘: 31.4%
[06:30:08] CPU: 0.0% | 内存: 40.2% | 磁盘: 31.4%
[06:30:14] CPU: 0.0% | 内存: 40.2% | 磁盘: 31.4%
[06:30:20] CPU: 0.5% | 内存: 40.2% | 磁盘: 31.4%
[06:30:26] CPU: 0.5% | 内存: 40.2% | 磁盘: 31.4%
[06:30:32] CPU: 0.0% | 内存: 40.1% | 磁盘: 31.4%
[06:30:38] CPU: 0.0% | 内存: 40.1% | 磁盘: 31.4%
[06:30:44] CPU: 1.0% | 内存: 40.1% | 磁盘: 31.4%
[06:30:50] CPU: 0.0% | 内存: 40.2% | 磁盘: 31.4%
[06:30:56] CPU: 0.0% | 内存: 40.2% | 磁盘: 31.4%
[06:31:02] CPU: 0.0% | 内存: 40.2% | 磁盘: 31.4%
[06:31:08] CPU: 0.5% | 内存: 40.3% | 磁盘: 31.4%
[06:31:14] CPU: 0.0% | 内存: 39.8% | 磁盘: 31.4%
[06:31:20] CPU: 0.0% | 内存: 39.8% | 磁盘: 31.4%
[06:31:26] CPU: 0.0% | 内存: 39.8% | 磁盘: 31.4%
[06:31:32] CPU: 0.0% | 内存: 39.8% | 磁盘: 31.4%
[06:31:38] CPU: 0.0% | 内存: 39.8% | 磁盘: 31.4%
[06:31:44] CPU: 0.0% | 内存: 39.8% | 磁盘: 31.4%
[06:31:50] CPU: 0.0% | 内存: 39.8% | 磁盘: 31.4%
[06:31:56] CPU: 1.0% | 内存: 41.6% | 磁盘: 31.4%
[06:32:02] CPU: 1.5% | 内存: 41.7% | 磁盘: 31.4%
[06:32:08] CPU: 0.0% | 内存: 41.7% | 磁盘: 31.4%
[06:32:14] CPU: 0.0% | 内存: 41.7% | 磁盘: 31.4%
[06:32:20] CPU: 0.0% | 内存: 41.7% | 磁盘: 31.4%
[06:32:26] CPU: 0.0% | 内存: 41.7% | 磁盘: 31.4%
[06:32:32] CPU: 0.0% | 内存: 41.7% | 磁盘: 31.4%
[06:32:38] CPU: 0.0% | 内存: 41.7% | 磁盘: 31.4%
[06:32:44] CPU: 0.0% | 内存: 41.7% | 磁盘: 31.4%
[06:32:50] CPU: 0.0% | 内存: 41.7% | 磁盘: 31.4%
[06:32:56] CPU: 0.0% | 内存: 41.7% | 磁盘: 31.4%
[06:33:02] CPU: 0.0% | 内存: 41.7% | 磁盘: 31.4%
[06:33:08] CPU: 0.0% | 内存: 41.7% | 磁盘: 31.4%
[06:33:15] CPU: 0.0% | 内存: 41.7% | 磁盘: 31.4%
[06:33:21] CPU: 0.0% | 内存: 41.7% | 磁盘: 31.4%
[06:33:27] CPU: 0.0% | 内存: 41.7% | 磁盘: 31.4%
[06:33:33] CPU: 0.5% | 内存: 41.7% | 磁盘: 31.4%
[06:33:39] CPU: 0.0% | 内存: 41.7% | 磁盘: 31.4%
[06:33:45] CPU: 0.0% | 内存: 41.7% | 磁盘: 31.4%
[06:33:51] CPU: 0.0% | 内存: 41.7% | 磁盘: 31.4%
[06:33:57] CPU: 0.0% | 内存: 41.7% | 磁盘: 31.4%
[06:34:03] CPU: 0.0% | 内存: 41.7% | 磁盘: 31.4%
[06:34:09] CPU: 0.0% | 内存: 41.7% | 磁盘: 31.4%
[06:34:15] CPU: 0.0% | 内存: 41.7% | 磁盘: 31.4%
[06:34:21] CPU: 0.0% | 内存: 41.7% | 磁盘: 31.4%
[06:34:27] CPU: 0.0% | 内存: 41.7% | 磁盘: 31.4%
[06:34:33] CPU: 0.0% | 内存: 41.7% | 磁盘: 31.4%
[06:34:39] CPU: 0.0% | 内存: 41.7% | 磁盘: 31.4%
[06:34:45] CPU: 0.0% | 内存: 41.7% | 磁盘: 31.4%
[06:34:51] CPU: 0.0% | 内存: 41.7% | 磁盘: 31.4%
[06:34:57] CPU: 0.0% | 内存: 41.7% | 磁盘: 31.4%
[06:35:03] CPU: 0.5% | 内存: 41.7% | 磁盘: 31.4%
[06:35:09] CPU: 0.0% | 内存: 41.7% | 磁盘: 31.4%
[06:35:15] CPU: 0.0% | 内存: 41.7% | 磁盘: 31.4%
[06:35:21] CPU: 0.0% | 内存: 41.7% | 磁盘: 31.4%
[06:35:27] CPU: 0.0% | 内存: 41.7% | 磁盘: 31.4%
[06:35:33] CPU: 0.0% | 内存: 41.7% | 磁盘: 31.4%
[06:35:39] CPU: 0.0% | 内存: 41.7% | 磁盘: 31.4%
[06:35:45] CPU: 0.0% | 内存: 41.7% | 磁盘: 31.4%
[06:35:51] CPU: 0.0% | 内存: 41.7% | 磁盘: 31.4%
[06:35:57] CPU: 0.0% | 内存: 41.7% | 磁盘: 31.4%
[06:36:03] CPU: 0.0% | 内存: 41.7% | 磁盘: 31.4%
[06:36:09] CPU: 0.0% | 内存: 41.7% | 磁盘: 31.4%
[06:36:15] CPU: 0.0% | 内存: 41.7% | 磁盘: 31.4%
[06:36:21] CPU: 0.0% | 内存: 41.7% | 磁盘: 31.4%
[06:36:27] CPU: 0.0% | 内存: 41.7% | 磁盘: 31.4%
[06:36:33] CPU: 0.0% | 内存: 41.7% | 磁盘: 31.4%
[06:36:39] CPU: 0.0% | 内存: 41.7% | 磁盘: 31.4%
[06:36:45] CPU: 0.0% | 内存: 41.7% | 磁盘: 31.4%
[06:36:51] CPU: 0.0% | 内存: 41.7% | 磁盘: 31.4%
[06:36:57] CPU: 0.0% | 内存: 41.7% | 磁盘: 31.4%
[06:37:03] CPU: 0.5% | 内存: 41.7% | 磁盘: 31.4%
[06:37:09] CPU: 0.0% | 内存: 41.7% | 磁盘: 31.4%
[06:37:15] CPU: 0.0% | 内存: 41.7% | 磁盘: 31.4%
[06:37:21] CPU: 0.0% | 内存: 41.7% | 磁盘: 31.4%
[06:37:27] CPU: 0.0% | 内存: 41.7% | 磁盘: 31.4%
[06:37:33] CPU: 0.0% | 内存: 41.7% | 磁盘: 31.4%
[06:37:39] CPU: 0.0% | 内存: 41.8% | 磁盘: 31.4%
[06:37:45] CPU: 0.5% | 内存: 42.3% | 磁盘: 31.4%
[06:37:51] CPU: 0.0% | 内存: 41.7% | 磁盘: 31.4%
[06:37:57] CPU: 0.0% | 内存: 41.7% | 磁盘: 31.4%
[06:38:03] CPU: 0.0% | 内存: 41.8% | 磁盘: 31.4%
[06:38:09] CPU: 0.0% | 内存: 41.8% | 磁盘: 31.4%
[06:38:15] CPU: 0.0% | 内存: 41.7% | 磁盘: 31.4%
[06:38:21] CPU: 0.0% | 内存: 41.7% | 磁盘: 31.4%
[06:38:27] CPU: 0.0% | 内存: 41.7% | 磁盘: 31.4%
[06:38:33] CPU: 0.0% | 内存: 41.7% | 磁盘: 31.4%
[06:38:39] CPU: 0.0% | 内存: 41.7% | 磁盘: 31.4%
[06:38:45] CPU: 0.0% | 内存: 41.7% | 磁盘: 31.4%
[06:38:51] CPU: 0.0% | 内存: 41.7% | 磁盘: 31.4%
[06:38:57] CPU: 0.0% | 内存: 41.7% | 磁盘: 31.4%
[06:39:03] CPU: 0.0% | 内存: 41.7% | 磁盘: 31.4%
[06:39:09] CPU: 0.0% | 内存: 41.7% | 磁盘: 31.4%
[06:39:15] CPU: 0.0% | 内存: 41.7% | 磁盘: 31.4%
[06:39:21] CPU: 0.0% | 内存: 41.7% | 磁盘: 31.4%
[06:39:27] CPU: 0.0% | 内存: 41.7% | 磁盘: 31.4%
[06:39:33] CPU: 0.5% | 内存: 41.7% | 磁盘: 31.4%
[06:39:39] CPU: 0.0% | 内存: 41.7% | 磁盘: 31.4%
[06:39:45] CPU: 0.0% | 内存: 41.7% | 磁盘: 31.4%
[06:39:51] CPU: 0.0% | 内存: 41.7% | 磁盘: 31.4%
[06:39:57] CPU: 0.0% | 内存: 41.7% | 磁盘: 31.4%
[06:40:03] CPU: 0.0% | 内存: 41.7% | 磁盘: 31.4%
[06:40:09] CPU: 0.5% | 内存: 41.7% | 磁盘: 31.4%
[06:40:15] CPU: 0.0% | 内存: 41.7% | 磁盘: 31.4%
[06:40:21] CPU: 0.0% | 内存: 41.7% | 磁盘: 31.4%
[06:40:27] CPU: 0.0% | 内存: 41.7% | 磁盘: 31.4%
[06:40:33] CPU: 0.0% | 内存: 41.7% | 磁盘: 31.4%
[06:40:39] CPU: 0.0% | 内存: 41.7% | 磁盘: 31.4%
[06:40:45] CPU: 0.0% | 内存: 41.7% | 磁盘: 31.4%
[06:40:51] CPU: 0.0% | 内存: 41.7% | 磁盘: 31.4%
[06:40:57] CPU: 0.0% | 内存: 41.7% | 磁盘: 31.4%
[06:41:03] CPU: 0.5% | 内存: 41.7% | 磁盘: 31.4%
[06:41:09] CPU: 0.0% | 内存: 41.7% | 磁盘: 31.4%
[06:41:15] CPU: 0.5% | 内存: 41.7% | 磁盘: 31.4%
[06:41:21] CPU: 0.0% | 内存: 41.7% | 磁盘: 31.4%
[06:41:27] CPU: 0.0% | 内存: 41.7% | 磁盘: 31.4%
[06:41:33] CPU: 0.0% | 内存: 41.7% | 磁盘: 31.4%
[06:41:39] CPU: 0.0% | 内存: 41.7% | 磁盘: 31.4%
[06:41:45] CPU: 0.0% | 内存: 41.7% | 磁盘: 31.4%
[06:41:51] CPU: 0.0% | 内存: 41.7% | 磁盘: 31.4%
[06:41:57] CPU: 0.0% | 内存: 41.7% | 磁盘: 31.4%
[06:42:03] CPU: 0.0% | 内存: 41.7% | 磁盘: 31.4%
[06:42:09] CPU: 0.5% | 内存: 41.7% | 磁盘: 31.4%
[06:42:15] CPU: 0.0% | 内存: 41.7% | 磁盘: 31.4%
[06:42:21] CPU: 0.0% | 内存: 41.7% | 磁盘: 31.4%
[06:42:27] CPU: 0.0% | 内存: 41.7% | 磁盘: 31.4%
[06:42:33] CPU: 0.0% | 内存: 41.7% | 磁盘: 31.4%
[06:42:39] CPU: 0.0% | 内存: 41.7% | 磁盘: 31.4%
[06:42:45] CPU: 0.0% | 内存: 41.7% | 磁盘: 31.4%
[06:42:51] CPU: 0.0% | 内存: 41.7% | 磁盘: 31.4%
[06:42:57] CPU: 0.0% | 内存: 41.7% | 磁盘: 31.4%
[06:43:03] CPU: 0.0% | 内存: 41.7% | 磁盘: 31.4%
[06:43:09] CPU: 1.0% | 内存: 41.7% | 磁盘: 31.4%
[06:43:15] CPU: 0.0% | 内存: 41.7% | 磁盘: 31.4%
[06:43:21] CPU: 0.0% | 内存: 41.7% | 磁盘: 31.4%
[06:43:27] CPU: 1.0% | 内存: 41.7% | 磁盘: 31.4%
[06:43:33] CPU: 0.0% | 内存: 41.7% | 磁盘: 31.4%
[06:43:39] CPU: 0.0% | 内存: 41.7% | 磁盘: 31.4%
[06:43:45] CPU: 0.0% | 内存: 41.7% | 磁盘: 31.4%
[06:43:51] CPU: 0.0% | 内存: 41.7% | 磁盘: 31.4%
[06:43:57] CPU: 0.5% | 内存: 41.7% | 磁盘: 31.4%
[06:44:03] CPU: 0.0% | 内存: 41.7% | 磁盘: 31.4%
[06:44:09] CPU: 0.0% | 内存: 41.7% | 磁盘: 31.4%
[06:44:15] CPU: 0.0% | 内存: 41.7% | 磁盘: 31.4%
[06:44:21] CPU: 0.0% | 内存: 41.7% | 磁盘: 31.4%
[06:44:27] CPU: 0.0% | 内存: 41.7% | 磁盘: 31.4%
[06:44:34] CPU: 0.5% | 内存: 41.7% | 磁盘: 31.4%
[06:44:40] CPU: 0.0% | 内存: 41.7% | 磁盘: 31.4%
[06:44:46] CPU: 0.0% | 内存: 41.7% | 磁盘: 31.4%
[06:44:52] CPU: 0.0% | 内存: 41.7% | 磁盘: 31.4%
[06:44:58] CPU: 0.0% | 内存: 41.7% | 磁盘: 31.4%
[06:45:04] CPU: 0.0% | 内存: 41.7% | 磁盘: 31.4%
[06:45:10] CPU: 0.5% | 内存: 41.7% | 磁盘: 31.4%
[06:45:16] CPU: 0.0% | 内存: 41.7% | 磁盘: 31.4%
[06:45:22] CPU: 0.0% | 内存: 41.7% | 磁盘: 31.4%
[06:45:28] CPU: 0.0% | 内存: 41.7% | 磁盘: 31.4%
[06:45:34] CPU: 0.0% | 内存: 41.7% | 磁盘: 31.4%
[06:45:40] CPU: 0.0% | 内存: 41.7% | 磁盘: 31.4%
[06:45:46] CPU: 0.0% | 内存: 41.7% | 磁盘: 31.4%
[06:45:52] CPU: 0.0% | 内存: 41.7% | 磁盘: 31.4%
[06:45:58] CPU: 0.0% | 内存: 41.7% | 磁盘: 31.4%
[06:46:04] CPU: 0.0% | 内存: 41.7% | 磁盘: 31.4%
[06:46:10] CPU: 0.5% | 内存: 41.7% | 磁盘: 31.4%
[06:46:16] CPU: 0.0% | 内存: 41.7% | 磁盘: 31.4%
[06:46:22] CPU: 0.0% | 内存: 41.7% | 磁盘: 31.4%
[06:46:28] CPU: 0.0% | 内存: 41.7% | 磁盘: 31.4%
[06:46:34] CPU: 0.0% | 内存: 41.7% | 磁盘: 31.4%
[06:46:40] CPU: 0.0% | 内存: 41.7% | 磁盘: 31.4%
[06:46:46] CPU: 0.0% | 内存: 41.7% | 磁盘: 31.4%
[06:46:52] CPU: 0.0% | 内存: 41.7% | 磁盘: 31.4%
[06:46:58] CPU: 0.0% | 内存: 41.7% | 磁盘: 31.4%
[06:47:04] CPU: 0.0% | 内存: 41.7% | 磁盘: 31.4%
[06:47:10] CPU: 0.5% | 内存: 41.7% | 磁盘: 31.4%
[06:47:16] CPU: 0.0% | 内存: 41.7% | 磁盘: 31.4%
[06:47:22] CPU: 0.0% | 内存: 41.7% | 磁盘: 31.4%
[06:47:28] CPU: 0.0% | 内存: 41.7% | 磁盘: 31.4%
[06:47:34] CPU: 0.0% | 内存: 41.7% | 磁盘: 31.4%
[06:47:40] CPU: 0.0% | 内存: 41.7% | 磁盘: 31.4%
[06:47:46] CPU: 0.0% | 内存: 41.7% | 磁盘: 31.4%
[06:47:52] CPU: 0.0% | 内存: 41.7% | 磁盘: 31.4%
[06:47:58] CPU: 0.0% | 内存: 41.7% | 磁盘: 31.4%
[06:48:04] CPU: 0.0% | 内存: 41.7% | 磁盘: 31.4%
[06:48:10] CPU: 0.5% | 内存: 41.7% | 磁盘: 31.4%
[06:48:16] CPU: 0.0% | 内存: 41.7% | 磁盘: 31.4%
[06:48:22] CPU: 0.0% | 内存: 41.7% | 磁盘: 31.4%
[06:48:28] CPU: 0.0% | 内存: 41.7% | 磁盘: 31.4%
[06:48:34] CPU: 0.0% | 内存: 41.7% | 磁盘: 31.4%
[06:48:40] CPU: 0.0% | 内存: 41.7% | 磁盘: 31.4%
[06:48:46] CPU: 0.0% | 内存: 41.7% | 磁盘: 31.4%
[06:48:52] CPU: 0.0% | 内存: 41.7% | 磁盘: 31.4%
[06:48:58] CPU: 0.0% | 内存: 41.7% | 磁盘: 31.4%
[06:49:04] CPU: 0.0% | 内存: 41.7% | 磁盘: 31.4%
[06:49:10] CPU: 0.5% | 内存: 41.7% | 磁盘: 31.4%
[06:49:16] CPU: 0.0% | 内存: 41.7% | 磁盘: 31.4%
[06:49:22] CPU: 0.0% | 内存: 41.7% | 磁盘: 31.4%
[06:49:28] CPU: 0.0% | 内存: 41.7% | 磁盘: 31.4%
[06:49:34] CPU: 0.0% | 内存: 41.7% | 磁盘: 31.4%
[06:49:40] CPU: 0.0% | 内存: 41.7% | 磁盘: 31.4%
[06:49:46] CPU: 0.0% | 内存: 41.7% | 磁盘: 31.4%
[06:49:52] CPU: 0.0% | 内存: 41.7% | 磁盘: 31.4%
[06:49:58] CPU: 0.0% | 内存: 41.7% | 磁盘: 31.4%
[06:50:04] CPU: 0.0% | 内存: 41.7% | 磁盘: 31.4%
[06:50:10] CPU: 0.5% | 内存: 41.7% | 磁盘: 31.4%
[06:50:16] CPU: 0.0% | 内存: 41.7% | 磁盘: 31.4%
[06:50:22] CPU: 0.0% | 内存: 41.7% | 磁盘: 31.4%
[06:50:28] CPU: 0.0% | 内存: 41.7% | 磁盘: 31.4%
[06:50:34] CPU: 0.0% | 内存: 41.7% | 磁盘: 31.4%
[06:50:40] CPU: 0.0% | 内存: 41.7% | 磁盘: 31.4%
[06:50:46] CPU: 0.0% | 内存: 41.7% | 磁盘: 31.4%
[06:50:52] CPU: 0.0% | 内存: 41.7% | 磁盘: 31.4%
[06:50:58] CPU: 0.0% | 内存: 41.7% | 磁盘: 31.4%
[06:51:04] CPU: 0.0% | 内存: 41.7% | 磁盘: 31.4%
[06:51:10] CPU: 0.0% | 内存: 41.7% | 磁盘: 31.4%
[06:51:16] CPU: 0.0% | 内存: 41.7% | 磁盘: 31.4%
[06:51:22] CPU: 0.0% | 内存: 41.7% | 磁盘: 31.4%
[06:51:28] CPU: 0.0% | 内存: 41.7% | 磁盘: 31.4%
[06:51:34] CPU: 0.0% | 内存: 41.7% | 磁盘: 31.4%
[06:51:40] CPU: 0.0% | 内存: 41.7% | 磁盘: 31.4%
[06:51:46] CPU: 0.5% | 内存: 41.7% | 磁盘: 31.4%
[06:51:52] CPU: 0.0% | 内存: 41.7% | 磁盘: 31.4%
[06:51:58] CPU: 0.0% | 内存: 41.7% | 磁盘: 31.4%
[06:52:04] CPU: 0.0% | 内存: 41.7% | 磁盘: 31.4%
[06:52:10] CPU: 0.0% | 内存: 41.7% | 磁盘: 31.4%
[06:52:16] CPU: 0.0% | 内存: 41.7% | 磁盘: 31.4%
[06:52:22] CPU: 0.0% | 内存: 41.7% | 磁盘: 31.4%
[06:52:28] CPU: 0.0% | 内存: 41.7% | 磁盘: 31.4%
[06:52:34] CPU: 1.5% | 内存: 42.3% | 磁盘: 31.4%
[06:52:40] CPU: 0.0% | 内存: 41.8% | 磁盘: 31.4%
[06:52:46] CPU: 0.0% | 内存: 42.2% | 磁盘: 31.4%
[06:52:52] CPU: 0.0% | 内存: 41.7% | 磁盘: 31.4%
[06:52:59] CPU: 0.0% | 内存: 41.7% | 磁盘: 31.4%
[06:53:05] CPU: 0.0% | 内存: 41.7% | 磁盘: 31.4%
[06:53:11] CPU: 0.5% | 内存: 41.7% | 磁盘: 31.4%
[06:53:17] CPU: 0.0% | 内存: 41.7% | 磁盘: 31.4%
[06:53:23] CPU: 0.5% | 内存: 41.7% | 磁盘: 31.4%
[06:53:29] CPU: 0.0% | 内存: 41.7% | 磁盘: 31.4%
[06:53:35] CPU: 0.0% | 内存: 41.7% | 磁盘: 31.4%
[06:53:41] CPU: 0.0% | 内存: 41.7% | 磁盘: 31.4%
[06:53:47] CPU: 0.0% | 内存: 41.7% | 磁盘: 31.4%
[06:53:53] CPU: 0.0% | 内存: 39.8% | 磁盘: 31.4%
[06:53:59] CPU: 0.0% | 内存: 39.8% | 磁盘: 31.4%
[06:54:05] CPU: 0.5% | 内存: 39.8% | 磁盘: 31.4%
[06:54:11] CPU: 0.0% | 内存: 39.8% | 磁盘: 31.4%
[06:54:17] CPU: 0.0% | 内存: 39.8% | 磁盘: 31.4%
[06:54:23] CPU: 0.0% | 内存: 39.8% | 磁盘: 31.4%
[06:54:29] CPU: 0.0% | 内存: 39.8% | 磁盘: 31.4%
[06:54:35] CPU: 0.5% | 内存: 41.7% | 磁盘: 31.4%
[06:54:41] CPU: 0.0% | 内存: 41.7% | 磁盘: 31.4%
[06:54:47] CPU: 0.0% | 内存: 41.7% | 磁盘: 31.4%
[06:54:53] CPU: 0.0% | 内存: 41.7% | 磁盘: 31.4%
[06:54:59] CPU: 0.0% | 内存: 41.7% | 磁盘: 31.4%
[06:55:05] CPU: 0.0% | 内存: 41.7% | 磁盘: 31.4%
[06:55:11] CPU: 0.0% | 内存: 41.7% | 磁盘: 31.4%
[06:55:17] CPU: 1.5% | 内存: 41.7% | 磁盘: 31.4%
[06:55:23] CPU: 0.5% | 内存: 41.7% | 磁盘: 31.4%
[06:55:29] CPU: 0.0% | 内存: 41.7% | 磁盘: 31.4%
[06:55:35] CPU: 0.0% | 内存: 41.7% | 磁盘: 31.4%
[06:55:41] CPU: 0.0% | 内存: 41.7% | 磁盘: 31.4%
[06:55:47] CPU: 0.5% | 内存: 41.7% | 磁盘: 31.4%
[06:55:53] CPU: 0.0% | 内存: 41.7% | 磁盘: 31.4%
[06:55:59] CPU: 0.0% | 内存: 41.7% | 磁盘: 31.4%
[06:56:05] CPU: 0.0% | 内存: 41.7% | 磁盘: 31.4%
[06:56:11] CPU: 0.0% | 内存: 41.7% | 磁盘: 31.4%
[06:56:17] CPU: 0.5% | 内存: 41.7% | 磁盘: 31.4%
[06:56:23] CPU: 0.0% | 内存: 41.7% | 磁盘: 31.4%
[06:56:29] CPU: 0.0% | 内存: 41.7% | 磁盘: 31.4%
[06:56:35] CPU: 0.0% | 内存: 41.7% | 磁盘: 31.4%
[06:56:41] CPU: 0.0% | 内存: 41.7% | 磁盘: 31.4%
[06:56:47] CPU: 0.0% | 内存: 41.7% | 磁盘: 31.4%
[06:56:53] CPU: 0.0% | 内存: 41.7% | 磁盘: 31.4%
[06:56:59] CPU: 0.0% | 内存: 41.7% | 磁盘: 31.4%
[06:57:05] CPU: 0.0% | 内存: 41.7% | 磁盘: 31.4%
[06:57:11] CPU: 0.0% | 内存: 41.7% | 磁盘: 31.4%
[06:57:17] CPU: 0.0% | 内存: 41.7% | 磁盘: 31.4%
[06:57:23] CPU: 0.0% | 内存: 41.7% | 磁盘: 31.4%
[06:57:29] CPU: 0.0% | 内存: 41.7% | 磁盘: 31.4%
[06:57:35] CPU: 0.0% | 内存: 41.7% | 磁盘: 31.4%
[06:57:41] CPU: 0.0% | 内存: 41.7% | 磁盘: 31.4%
[06:57:47] CPU: 0.0% | 内存: 41.7% | 磁盘: 31.4%
[06:57:53] CPU: 0.0% | 内存: 41.7% | 磁盘: 31.4%
[06:57:59] CPU: 0.0% | 内存: 41.7% | 磁盘: 31.4%
[06:58:05] CPU: 0.0% | 内存: 41.7% | 磁盘: 31.4%
[06:58:11] CPU: 0.5% | 内存: 41.7% | 磁盘: 31.4%
[06:58:17] CPU: 0.0% | 内存: 41.7% | 磁盘: 31.4%
[06:58:23] CPU: 0.0% | 内存: 41.7% | 磁盘: 31.4%
[06:58:29] CPU: 0.0% | 内存: 41.7% | 磁盘: 31.4%
[06:58:35] CPU: 0.0% | 内存: 41.7% | 磁盘: 31.4%
[06:58:41] CPU: 0.5% | 内存: 41.7% | 磁盘: 31.4%
[06:58:47] CPU: 0.0% | 内存: 41.7% | 磁盘: 31.4%
[06:58:53] CPU: 0.0% | 内存: 41.7% | 磁盘: 31.4%
[06:58:59] CPU: 0.0% | 内存: 41.7% | 磁盘: 31.4%
[06:59:05] CPU: 0.0% | 内存: 41.7% | 磁盘: 31.4%
[06:59:11] CPU: 0.5% | 内存: 41.7% | 磁盘: 31.4%
[06:59:17] CPU: 0.0% | 内存: 41.7% | 磁盘: 31.4%
[06:59:23] CPU: 0.0% | 内存: 41.7% | 磁盘: 31.4%
[06:59:29] CPU: 0.0% | 内存: 41.7% | 磁盘: 31.4%
[06:59:35] CPU: 0.0% | 内存: 41.7% | 磁盘: 31.4%
[06:59:41] CPU: 0.0% | 内存: 41.7% | 磁盘: 31.4%
[06:59:47] CPU: 0.0% | 内存: 41.7% | 磁盘: 31.4%
[06:59:53] CPU: 0.0% | 内存: 41.7% | 磁盘: 31.4%
[06:59:59] CPU: 0.0% | 内存: 41.7% | 磁盘: 31.4%
[07:00:05] CPU: 0.0% | 内存: 41.7% | 磁盘: 31.4%
[07:00:11] CPU: 0.0% | 内存: 41.7% | 磁盘: 31.4%
[07:00:17] CPU: 0.0% | 内存: 41.7% | 磁盘: 31.4%
[07:00:23] CPU: 0.0% | 内存: 41.7% | 磁盘: 31.4%
[07:00:29] CPU: 0.0% | 内存: 41.7% | 磁盘: 31.4%
[07:00:35] CPU: 0.0% | 内存: 41.7% | 磁盘: 31.4%
[07:00:41] CPU: 0.0% | 内存: 41.7% | 磁盘: 31.4%
[07:00:47] CPU: 0.0% | 内存: 41.7% | 磁盘: 31.4%
[07:00:53] CPU: 0.0% | 内存: 41.7% | 磁盘: 31.4%
[07:00:59] CPU: 0.0% | 内存: 41.7% | 磁盘: 31.4%
[07:01:05] CPU: 0.0% | 内存: 41.7% | 磁盘: 31.4%
[07:01:11] CPU: 0.5% | 内存: 41.7% | 磁盘: 31.4%
[07:01:17] CPU: 0.0% | 内存: 41.7% | 磁盘: 31.4%
[07:01:23] CPU: 0.0% | 内存: 41.7% | 磁盘: 31.4%
[07:01:29] CPU: 0.0% | 内存: 41.7% | 磁盘: 31.4%
[07:01:35] CPU: 0.0% | 内存: 41.7% | 磁盘: 31.4%
[07:01:41] CPU: 1.0% | 内存: 41.7% | 磁盘: 31.4%
[07:01:47] CPU: 0.0% | 内存: 41.7% | 磁盘: 31.4%
[07:01:53] CPU: 0.0% | 内存: 41.7% | 磁盘: 31.4%
[07:01:59] CPU: 0.0% | 内存: 41.7% | 磁盘: 31.4%
[07:02:05] CPU: 0.0% | 内存: 41.7% | 磁盘: 31.4%
[07:02:11] CPU: 0.0% | 内存: 41.7% | 磁盘: 31.4%
[07:02:17] CPU: 0.0% | 内存: 41.7% | 磁盘: 31.4%
[07:02:24] CPU: 0.0% | 内存: 41.7% | 磁盘: 31.4%
[07:02:30] CPU: 0.0% | 内存: 41.7% | 磁盘: 31.4%
[07:02:36] CPU: 0.0% | 内存: 41.7% | 磁盘: 31.4%
[07:02:42] CPU: 0.0% | 内存: 41.7% | 磁盘: 31.4%
[07:02:48] CPU: 0.0% | 内存: 41.7% | 磁盘: 31.4%
[07:02:54] CPU: 0.0% | 内存: 41.7% | 磁盘: 31.4%
[07:03:00] CPU: 0.0% | 内存: 41.7% | 磁盘: 31.4%
[07:03:06] CPU: 0.0% | 内存: 41.7% | 磁盘: 31.4%
[07:03:12] CPU: 0.0% | 内存: 41.7% | 磁盘: 31.4%
[07:03:18] CPU: 0.0% | 内存: 41.7% | 磁盘: 31.4%
[07:03:24] CPU: 0.0% | 内存: 41.7% | 磁盘: 31.4%
[07:03:30] CPU: 0.0% | 内存: 41.7% | 磁盘: 31.4%
[07:03:36] CPU: 0.0% | 内存: 41.7% | 磁盘: 31.4%
[07:03:42] CPU: 0.0% | 内存: 41.7% | 磁盘: 31.4%
[07:03:48] CPU: 0.0% | 内存: 41.7% | 磁盘: 31.4%
[07:03:54] CPU: 0.0% | 内存: 41.7% | 磁盘: 31.4%
[07:04:00] CPU: 0.0% | 内存: 41.7% | 磁盘: 31.4%
[07:04:06] CPU: 0.0% | 内存: 41.7% | 磁盘: 31.4%
[07:04:12] CPU: 0.0% | 内存: 41.7% | 磁盘: 31.4%
[07:04:18] CPU: 0.0% | 内存: 41.7% | 磁盘: 31.4%
[07:04:24] CPU: 0.0% | 内存: 41.7% | 磁盘: 31.4%
[07:04:30] CPU: 0.0% | 内存: 41.7% | 磁盘: 31.4%
[07:04:36] CPU: 0.0% | 内存: 41.7% | 磁盘: 31.4%
[07:04:42] CPU: 0.0% | 内存: 41.7% | 磁盘: 31.4%
[07:04:48] CPU: 0.0% | 内存: 41.7% | 磁盘: 31.4%
[07:04:54] CPU: 0.0% | 内存: 41.7% | 磁盘: 31.4%
[07:05:00] CPU: 0.0% | 内存: 41.7% | 磁盘: 31.4%
[07:05:06] CPU: 0.0% | 内存: 41.7% | 磁盘: 31.4%
[07:05:12] CPU: 0.0% | 内存: 43.3% | 磁盘: 31.4%
[07:05:18] CPU: 46.8% | 内存: 43.9% | 磁盘: 31.5%
[07:05:24] CPU: 0.0% | 内存: 41.8% | 磁盘: 31.4%
[07:05:30] CPU: 0.0% | 内存: 41.8% | 磁盘: 31.4%
[07:05:36] CPU: 0.0% | 内存: 41.8% | 磁盘: 31.4%
[07:05:42] CPU: 0.0% | 内存: 41.8% | 磁盘: 31.4%
[07:05:53] CPU: 19.0% | 内存: 41.8% | 磁盘: 31.4%
[07:05:59] CPU: 0.0% | 内存: 41.8% | 磁盘: 31.4%
[07:06:05] CPU: 0.0% | 内存: 41.8% | 磁盘: 31.4%
[07:06:11] CPU: 0.0% | 内存: 41.8% | 磁盘: 31.4%
[07:06:17] CPU: 31.5% | 内存: 42.9% | 磁盘: 31.4%
[07:06:23] CPU: 0.0% | 内存: 41.8% | 磁盘: 31.4%
[07:06:29] CPU: 0.0% | 内存: 39.9% | 磁盘: 31.4%
[07:06:35] CPU: 0.0% | 内存: 39.9% | 磁盘: 31.4%
[07:06:41] CPU: 0.0% | 内存: 41.7% | 磁盘: 31.4%
[07:06:47] CPU: 0.0% | 内存: 41.7% | 磁盘: 31.4%
[07:06:53] CPU: 0.0% | 内存: 41.8% | 磁盘: 31.4%
[07:06:59] CPU: 0.0% | 内存: 41.8% | 磁盘: 31.4%
[07:07:05] CPU: 0.0% | 内存: 41.8% | 磁盘: 31.4%
[07:07:11] CPU: 0.0% | 内存: 41.8% | 磁盘: 31.4%
[07:07:17] CPU: 0.0% | 内存: 41.8% | 磁盘: 31.4%
[07:07:23] CPU: 0.0% | 内存: 41.8% | 磁盘: 31.4%
[07:07:29] CPU: 0.0% | 内存: 41.8% | 磁盘: 31.4%
[07:07:35] CPU: 0.5% | 内存: 42.5% | 磁盘: 31.4%
[07:07:41] CPU: 0.0% | 内存: 41.9% | 磁盘: 31.4%
[07:07:47] CPU: 0.0% | 内存: 42.4% | 磁盘: 31.4%
[07:07:53] CPU: 0.0% | 内存: 41.8% | 磁盘: 31.4%
[07:07:59] CPU: 0.0% | 内存: 41.8% | 磁盘: 31.4%
[07:08:05] CPU: 0.0% | 内存: 41.8% | 磁盘: 31.4%
[07:08:11] CPU: 0.0% | 内存: 41.8% | 磁盘: 31.4%
[07:08:17] CPU: 0.0% | 内存: 41.8% | 磁盘: 31.4%
[07:08:23] CPU: 0.0% | 内存: 41.8% | 磁盘: 31.4%
[07:08:29] CPU: 0.0% | 内存: 41.8% | 磁盘: 31.4%
[07:08:35] CPU: 0.0% | 内存: 41.8% | 磁盘: 31.4%
[07:08:41] CPU: 0.0% | 内存: 41.8% | 磁盘: 31.4%
[07:08:47] CPU: 0.0% | 内存: 41.9% | 磁盘: 31.4%
[07:08:53] CPU: 0.0% | 内存: 41.9% | 磁盘: 31.4%
[07:08:59] CPU: 0.0% | 内存: 41.9% | 磁盘: 31.4%
[07:09:05] CPU: 0.0% | 内存: 41.8% | 磁盘: 31.4%
[07:09:11] CPU: 0.0% | 内存: 41.8% | 磁盘: 31.4%
[07:09:17] CPU: 0.0% | 内存: 41.8% | 磁盘: 31.4%
[07:09:23] CPU: 0.0% | 内存: 41.8% | 磁盘: 31.4%
[07:09:29] CPU: 0.0% | 内存: 41.8% | 磁盘: 31.4%
[07:09:35] CPU: 0.0% | 内存: 41.8% | 磁盘: 31.4%
[07:09:41] CPU: 0.0% | 内存: 41.8% | 磁盘: 31.4%
[07:09:47] CPU: 0.0% | 内存: 41.8% | 磁盘: 31.4%
[07:09:53] CPU: 0.0% | 内存: 41.8% | 磁盘: 31.4%
[07:09:59] CPU: 0.0% | 内存: 41.8% | 磁盘: 31.4%
[07:10:05] CPU: 0.0% | 内存: 41.8% | 磁盘: 31.4%
[07:10:11] CPU: 0.0% | 内存: 41.8% | 磁盘: 31.4%
[07:10:17] CPU: 0.0% | 内存: 41.8% | 磁盘: 31.4%
[07:10:23] CPU: 0.0% | 内存: 42.3% | 磁盘: 31.4%
[07:10:29] CPU: 0.0% | 内存: 41.8% | 磁盘: 31.4%
[07:10:35] CPU: 0.0% | 内存: 41.8% | 磁盘: 31.4%
[07:10:41] CPU: 0.0% | 内存: 41.8% | 磁盘: 31.4%
[07:10:47] CPU: 0.0% | 内存: 41.8% | 磁盘: 31.4%
[07:10:53] CPU: 0.0% | 内存: 41.8% | 磁盘: 31.4%
[07:10:59] CPU: 0.0% | 内存: 41.8% | 磁盘: 31.4%
[07:11:05] CPU: 0.0% | 内存: 41.8% | 磁盘: 31.4%
[07:11:12] CPU: 0.0% | 内存: 41.8% | 磁盘: 31.4%
[07:11:18] CPU: 0.0% | 内存: 41.8% | 磁盘: 31.4%
[07:11:24] CPU: 0.0% | 内存: 41.8% | 磁盘: 31.4%
[07:11:30] CPU: 0.0% | 内存: 41.8% | 磁盘: 31.4%
[07:11:36] CPU: 0.0% | 内存: 41.8% | 磁盘: 31.4%
[07:11:42] CPU: 0.0% | 内存: 41.8% | 磁盘: 31.4%
[07:11:48] CPU: 0.0% | 内存: 41.8% | 磁盘: 31.4%
[07:11:54] CPU: 0.0% | 内存: 41.8% | 磁盘: 31.4%
[07:12:00] CPU: 0.0% | 内存: 41.8% | 磁盘: 31.4%
[07:12:06] CPU: 0.0% | 内存: 41.8% | 磁盘: 31.4%
[07:12:12] CPU: 0.0% | 内存: 41.8% | 磁盘: 31.4%
[07:12:18] CPU: 0.0% | 内存: 41.8% | 磁盘: 31.4%
[07:12:24] CPU: 0.0% | 内存: 41.8% | 磁盘: 31.4%
[07:12:30] CPU: 0.0% | 内存: 41.8% | 磁盘: 31.4%
[07:12:36] CPU: 0.5% | 内存: 41.8% | 磁盘: 31.4%
[07:12:42] CPU: 0.0% | 内存: 41.8% | 磁盘: 31.4%
[07:12:48] CPU: 0.0% | 内存: 41.8% | 磁盘: 31.4%
[07:12:54] CPU: 0.0% | 内存: 41.8% | 磁盘: 31.4%
[07:13:00] CPU: 1.0% | 内存: 41.8% | 磁盘: 31.4%
[07:13:06] CPU: 0.0% | 内存: 41.8% | 磁盘: 31.4%
[07:13:12] CPU: 0.0% | 内存: 41.8% | 磁盘: 31.4%
[07:13:18] CPU: 0.0% | 内存: 41.8% | 磁盘: 31.4%
[07:13:24] CPU: 0.0% | 内存: 41.8% | 磁盘: 31.4%
[07:13:30] CPU: 0.0% | 内存: 41.8% | 磁盘: 31.4%
[07:13:36] CPU: 0.0% | 内存: 41.8% | 磁盘: 31.4%
[07:13:42] CPU: 0.0% | 内存: 41.8% | 磁盘: 31.4%
[07:13:48] CPU: 0.0% | 内存: 41.8% | 磁盘: 31.4%
[07:13:54] CPU: 0.0% | 内存: 41.8% | 磁盘: 31.4%
[07:14:00] CPU: 0.0% | 内存: 41.8% | 磁盘: 31.4%
[07:14:06] CPU: 0.5% | 内存: 41.8% | 磁盘: 31.4%
[07:14:12] CPU: 0.0% | 内存: 41.8% | 磁盘: 31.4%
[07:14:18] CPU: 0.0% | 内存: 41.8% | 磁盘: 31.4%
[07:14:24] CPU: 0.0% | 内存: 41.8% | 磁盘: 31.4%
[07:14:30] CPU: 0.0% | 内存: 41.8% | 磁盘: 31.4%
[07:14:36] CPU: 0.0% | 内存: 41.8% | 磁盘: 31.4%
[07:14:42] CPU: 0.0% | 内存: 41.8% | 磁盘: 31.4%
[07:14:48] CPU: 0.0% | 内存: 41.8% | 磁盘: 31.4%
[07:14:54] CPU: 0.0% | 内存: 41.8% | 磁盘: 31.4%
[07:15:00] CPU: 0.0% | 内存: 41.8% | 磁盘: 31.4%
[07:15:06] CPU: 0.0% | 内存: 41.8% | 磁盘: 31.4%
[07:15:12] CPU: 0.0% | 内存: 41.8% | 磁盘: 31.4%
[07:15:18] CPU: 0.0% | 内存: 41.8% | 磁盘: 31.4%
[07:15:24] CPU: 0.0% | 内存: 41.8% | 磁盘: 31.4%
[07:15:30] CPU: 0.5% | 内存: 41.8% | 磁盘: 31.4%
[07:15:36] CPU: 0.0% | 内存: 41.8% | 磁盘: 31.4%
[07:15:42] CPU: 0.0% | 内存: 41.8% | 磁盘: 31.4%
[07:15:48] CPU: 0.0% | 内存: 41.8% | 磁盘: 31.4%
[07:15:54] CPU: 0.0% | 内存: 41.8% | 磁盘: 31.4%
[07:16:00] CPU: 0.0% | 内存: 41.8% | 磁盘: 31.4%
[07:16:06] CPU: 0.0% | 内存: 41.8% | 磁盘: 31.4%
[07:16:12] CPU: 0.0% | 内存: 41.8% | 磁盘: 31.4%
[07:16:18] CPU: 0.0% | 内存: 41.8% | 磁盘: 31.4%
[07:16:24] CPU: 0.0% | 内存: 41.8% | 磁盘: 31.4%
[07:16:30] CPU: 0.0% | 内存: 41.8% | 磁盘: 31.4%
[07:16:36] CPU: 0.0% | 内存: 41.8% | 磁盘: 31.4%
[07:16:42] CPU: 0.0% | 内存: 41.8% | 磁盘: 31.4%
[07:16:48] CPU: 0.0% | 内存: 41.8% | 磁盘: 31.4%
[07:16:54] CPU: 0.0% | 内存: 41.8% | 磁盘: 31.4%
[07:17:00] CPU: 0.0% | 内存: 41.8% | 磁盘: 31.4%
[07:17:06] CPU: 0.0% | 内存: 41.8% | 磁盘: 31.4%
[07:17:12] CPU: 0.0% | 内存: 41.8% | 磁盘: 31.4%
[07:17:18] CPU: 0.0% | 内存: 41.8% | 磁盘: 31.4%
[07:17:24] CPU: 0.0% | 内存: 41.8% | 磁盘: 31.4%
[07:17:30] CPU: 0.0% | 内存: 41.8% | 磁盘: 31.4%
[07:17:36] CPU: 0.0% | 内存: 41.8% | 磁盘: 31.4%
[07:17:42] CPU: 0.0% | 内存: 41.8% | 磁盘: 31.4%
[07:17:48] CPU: 0.0% | 内存: 41.8% | 磁盘: 31.4%
[07:17:54] CPU: 0.0% | 内存: 41.8% | 磁盘: 31.4%
[07:18:00] CPU: 0.0% | 内存: 41.8% | 磁盘: 31.4%
[07:18:06] CPU: 0.0% | 内存: 41.8% | 磁盘: 31.4%
[07:18:12] CPU: 0.0% | 内存: 41.8% | 磁盘: 31.4%
[07:18:18] CPU: 1.0% | 内存: 41.8% | 磁盘: 31.4%
[07:18:24] CPU: 0.0% | 内存: 41.8% | 磁盘: 31.4%
[07:18:30] CPU: 0.0% | 内存: 41.8% | 磁盘: 31.4%
[07:18:36] CPU: 0.0% | 内存: 41.8% | 磁盘: 31.4%
[07:18:42] CPU: 1.0% | 内存: 41.8% | 磁盘: 31.4%
[07:18:48] CPU: 0.0% | 内存: 41.8% | 磁盘: 31.4%
[07:18:54] CPU: 0.0% | 内存: 41.8% | 磁盘: 31.4%
[07:19:00] CPU: 0.5% | 内存: 41.8% | 磁盘: 31.4%
[07:19:06] CPU: 0.5% | 内存: 41.8% | 磁盘: 31.4%
[07:19:12] CPU: 0.0% | 内存: 41.8% | 磁盘: 31.4%
[07:19:18] CPU: 0.0% | 内存: 41.8% | 磁盘: 31.4%
[07:19:24] CPU: 0.0% | 内存: 41.8% | 磁盘: 31.4%
[07:19:30] CPU: 0.5% | 内存: 41.8% | 磁盘: 31.4%
[07:19:36] CPU: 0.0% | 内存: 41.8% | 磁盘: 31.4%
[07:19:42] CPU: 0.0% | 内存: 41.8% | 磁盘: 31.4%
[07:19:48] CPU: 0.0% | 内存: 41.8% | 磁盘: 31.4%
[07:19:54] CPU: 0.5% | 内存: 41.8% | 磁盘: 31.4%
[07:20:00] CPU: 0.0% | 内存: 41.8% | 磁盘: 31.4%
[07:20:06] CPU: 0.0% | 内存: 41.8% | 磁盘: 31.4%
[07:20:12] CPU: 0.0% | 内存: 41.8% | 磁盘: 31.4%
[07:20:18] CPU: 0.5% | 内存: 41.8% | 磁盘: 31.4%
[07:20:24] CPU: 0.0% | 内存: 41.8% | 磁盘: 31.4%
[07:20:30] CPU: 0.0% | 内存: 41.8% | 磁盘: 31.4%
[07:20:37] CPU: 0.0% | 内存: 41.8% | 磁盘: 31.4%
[07:20:43] CPU: 1.0% | 内存: 41.8% | 磁盘: 31.4%
[07:20:49] CPU: 0.0% | 内存: 41.8% | 磁盘: 31.4%
[07:20:55] CPU: 0.0% | 内存: 41.8% | 磁盘: 31.4%
[07:21:01] CPU: 0.0% | 内存: 41.8% | 磁盘: 31.4%
[07:21:07] CPU: 0.0% | 内存: 41.8% | 磁盘: 31.4%
[07:21:13] CPU: 0.0% | 内存: 41.8% | 磁盘: 31.4%
[07:21:19] CPU: 0.0% | 内存: 41.8% | 磁盘: 31.4%
[07:21:25] CPU: 0.0% | 内存: 41.8% | 磁盘: 31.4%
[07:21:31] CPU: 0.0% | 内存: 41.8% | 磁盘: 31.4%
[07:21:37] CPU: 0.0% | 内存: 41.8% | 磁盘: 31.4%
[07:21:43] CPU: 0.5% | 内存: 41.8% | 磁盘: 31.4%
[07:21:49] CPU: 0.0% | 内存: 41.8% | 磁盘: 31.4%
[07:21:55] CPU: 0.0% | 内存: 41.8% | 磁盘: 31.4%
[07:22:01] CPU: 0.0% | 内存: 41.8% | 磁盘: 31.4%
[07:22:07] CPU: 0.0% | 内存: 41.8% | 磁盘: 31.4%
[07:22:13] CPU: 0.0% | 内存: 41.8% | 磁盘: 31.4%
[07:22:19] CPU: 0.0% | 内存: 41.8% | 磁盘: 31.4%
[07:22:25] CPU: 0.0% | 内存: 41.8% | 磁盘: 31.4%
[07:22:31] CPU: 0.0% | 内存: 41.8% | 磁盘: 31.4%
[07:22:37] CPU: 0.0% | 内存: 42.4% | 磁盘: 31.4%
[07:22:43] CPU: 0.5% | 内存: 41.9% | 磁盘: 31.4%
[07:22:49] CPU: 0.0% | 内存: 41.8% | 磁盘: 31.4%
[07:22:55] CPU: 0.0% | 内存: 41.8% | 磁盘: 31.4%
[07:23:01] CPU: 0.0% | 内存: 41.8% | 磁盘: 31.4%
[07:23:07] CPU: 0.0% | 内存: 41.8% | 磁盘: 31.4%
[07:23:13] CPU: 0.0% | 内存: 41.8% | 磁盘: 31.4%
[07:23:19] CPU: 0.0% | 内存: 41.8% | 磁盘: 31.4%
[07:23:25] CPU: 0.0% | 内存: 41.8% | 磁盘: 31.4%
[07:23:31] CPU: 0.0% | 内存: 41.8% | 磁盘: 31.4%
[07:23:37] CPU: 0.0% | 内存: 41.8% | 磁盘: 31.4%
[07:23:43] CPU: 1.5% | 内存: 41.8% | 磁盘: 31.4%
[07:23:49] CPU: 0.0% | 内存: 41.8% | 磁盘: 31.4%
[07:23:55] CPU: 0.0% | 内存: 41.8% | 磁盘: 31.4%
[07:24:01] CPU: 0.0% | 内存: 41.8% | 磁盘: 31.4%
[07:24:07] CPU: 0.0% | 内存: 41.8% | 磁盘: 31.4%
[07:24:13] CPU: 0.5% | 内存: 41.8% | 磁盘: 31.4%
[07:24:19] CPU: 0.0% | 内存: 41.8% | 磁盘: 31.4%
[07:24:25] CPU: 0.0% | 内存: 41.8% | 磁盘: 31.4%
[07:24:31] CPU: 0.0% | 内存: 41.8% | 磁盘: 31.4%
[07:24:37] CPU: 0.0% | 内存: 41.8% | 磁盘: 31.4%
[07:24:43] CPU: 1.0% | 内存: 41.8% | 磁盘: 31.4%
[07:24:49] CPU: 0.0% | 内存: 41.8% | 磁盘: 31.4%
[07:24:55] CPU: 0.0% | 内存: 41.8% | 磁盘: 31.4%
[07:25:01] CPU: 0.0% | 内存: 41.8% | 磁盘: 31.4%
[07:25:07] CPU: 0.0% | 内存: 41.8% | 磁盘: 31.4%
[07:25:13] CPU: 0.5% | 内存: 41.8% | 磁盘: 31.4%
[07:25:19] CPU: 0.0% | 内存: 41.8% | 磁盘: 31.4%
[07:25:25] CPU: 0.0% | 内存: 41.8% | 磁盘: 31.4%
[07:25:31] CPU: 0.0% | 内存: 41.8% | 磁盘: 31.4%
[07:25:37] CPU: 0.0% | 内存: 41.8% | 磁盘: 31.4%
[07:25:43] CPU: 0.5% | 内存: 41.8% | 磁盘: 31.4%
[07:25:49] CPU: 0.0% | 内存: 41.8% | 磁盘: 31.4%
[07:25:55] CPU: 0.0% | 内存: 41.8% | 磁盘: 31.4%
[07:26:01] CPU: 0.0% | 内存: 41.8% | 磁盘: 31.4%
[07:26:07] CPU: 0.0% | 内存: 41.8% | 磁盘: 31.4%
[07:26:13] CPU: 0.0% | 内存: 41.8% | 磁盘: 31.4%
[07:26:19] CPU: 0.0% | 内存: 41.8% | 磁盘: 31.4%
[07:26:25] CPU: 0.0% | 内存: 41.8% | 磁盘: 31.4%
[07:26:31] CPU: 0.0% | 内存: 41.8% | 磁盘: 31.4%
[07:26:37] CPU: 0.0% | 内存: 41.8% | 磁盘: 31.4%
[07:26:43] CPU: 0.5% | 内存: 41.8% | 磁盘: 31.4%
[07:26:49] CPU: 0.0% | 内存: 41.8% | 磁盘: 31.4%
[07:26:55] CPU: 0.0% | 内存: 41.8% | 磁盘: 31.4%
[07:27:01] CPU: 0.0% | 内存: 41.8% | 磁盘: 31.4%
[07:27:07] CPU: 0.0% | 内存: 41.8% | 磁盘: 31.4%
[07:27:13] CPU: 0.0% | 内存: 41.8% | 磁盘: 31.4%
[07:27:19] CPU: 0.0% | 内存: 41.8% | 磁盘: 31.4%
[07:27:25] CPU: 0.5% | 内存: 41.8% | 磁盘: 31.4%
[07:27:31] CPU: 0.0% | 内存: 41.8% | 磁盘: 31.4%
[07:27:37] CPU: 0.0% | 内存: 41.8% | 磁盘: 31.4%
[07:27:43] CPU: 0.0% | 内存: 41.8% | 磁盘: 31.4%
[07:27:49] CPU: 0.0% | 内存: 41.8% | 磁盘: 31.4%
[07:27:55] CPU: 0.0% | 内存: 41.8% | 磁盘: 31.4%
[07:28:01] CPU: 0.0% | 内存: 41.8% | 磁盘: 31.4%
[07:28:07] CPU: 0.0% | 内存: 41.8% | 磁盘: 31.4%
[07:28:13] CPU: 0.0% | 内存: 41.8% | 磁盘: 31.4%
[07:28:19] CPU: 0.0% | 内存: 41.8% | 磁盘: 31.4%
[07:28:25] CPU: 0.0% | 内存: 41.8% | 磁盘: 31.4%
[07:28:31] CPU: 0.0% | 内存: 41.8% | 磁盘: 31.4%
